1         1         IDENTIFICATOR            tabulation
2         5         IDENTIFICATOR            a1
2         7         ASSIGNMENT               :=
2         11        IDENTIFICATOR            s2
4         5         NUMBER                   3
4         7         ADD                      +
4         9         NUMBER                   1
6         5         NUMBER                   1
6         6         ADD_EQUAL                +=
6         10        NUMBER                   2
6         11        SEMI_COLON               ;
7         1         END                      end
7         4         SEMI_COLON               ;
7         4         T_EOF                    EOF
