1         1         IDENTIFICATOR            a
1         3         MOD                      mod
1         7         IDENTIFICATOR            b
2         1         IDENTIFICATOR            c
2         3         DIV                      div
2         7         IDENTIFICATOR            b
3         0         T_EOF                    EOF
