1         2         TOKEN_STRING             
1         5         TOKEN_STRING             
1         8         TOKEN_STRING             asdas
Unexpected EOF in (1, 16)