Expression "=" expected but "asd" found in Line 1 Column 9
