Forward declaration not inmplemented "foo" Line 1 Column 11
