Expression "IDENTIFIER" expected but "const" found in Line 1 Column 7
