Expression "IDENTIFIER" expected but ";" found in Line 1 Column 8
