Expression "IDENTIFIER" expected but "array" found in Line 2 Column 6
