Expression "IDENTIFIER" expected but "," found in Line 2 Column 6
