begin
   until
            b
         >
            10
      and
         a
repeat
         b
      :=
            b
         -
            1
         a
      :=
         false
end
