begin
         a
      []
         0
   :=
      1
end
