Incompatible types: expected: "integer" but "real" found Line 4 Column 22
