Incompatible types, expected "integer" but "char" found in pos (4, 20)
