Incompatible types: expected: "char" but "real" found Line 5 Column 17
