begin
      a
   :=
         5
      +
         5
end
