Expression "." expected but "EOF" found in Line 5 Column 5
