Expression "IDENTIFIER" expected but ";" found in Line 3 Column 11
