Expression "." expected but ";" found in Line 6 Column 6
