Expression "." expected but ";" found in Line 10 Column 5
