Expression "begin" expected but ":=" found in Line 4 Column 8
