Expression ";" expected but "begin" found in Line 4 Column 6
