Expression "." expected but "end" found in Line 1 Column 13
