begin
   until
         i
      >
         10
repeat
         i
      :=
         50
end
