Incompatible types: expected: "integer" but "real" found Line 9 Column 11
