Incompatible types: expected: "array" but "integer" found Line 4 Column 15
