Incompatible types: expected: "boolean" but "BadType" found Line 2 Column 23
