Incompatible types: expected: "boolean" but "integer" found Line 8 Column 32
