Incompatible types: expected: "integer" but "boolean" found Line 5 Column 17
