Incompatible types: expected: "real" but "BadType" found Line 3 Column 19
