Incompatible types: expected: "integer" but "real" found Line 8 Column 13
