Incompatible types: expected: "integer" but "real" found Line 6 Column 15
