3         1         CLOSE_BRACE              }
3         1         T_EOF                    EOF
