1         1         FOR                      for
1         5         IDENTIFIER            i
1         5         ASSIGNMENT               :=
1         9         NUMBER                   1
3         1         IDENTIFIER            fori
3         5         ASSIGNMENT               :=
3         9         NUMBER                   1
4         0         T_EOF                    EOF
