1         1         VAR                      var
2         3         IDENTIFIER            x
2         4         COLON                    :
2         6         NUMBER                   1
2         7         DOUBLE_POINT             ..
2         9         NUMBER                   10
2         11        SEMI_COLON               ;
3         3         IDENTIFIER            y
3         4         COLON                    :
3         7         TOKEN_STRING             a
3         8         DOUBLE_POINT             ..
3         12        TOKEN_STRING             z
3         14        SEMI_COLON               ;
4         3         IDENTIFIER            z
4         4         COLON                    :
4         6         IDENTIFIER            pear
4         9         DOUBLE_POINT             ..
4         12        IDENTIFIER            orange
4         18        SEMI_COLON               ;
4         18        T_EOF                    EOF
