1         1         PROGRAM                  program
1         9         IDENTIFIER            z1
1         11        SEMI_COLON               ;
2         1         VAR                      var
2         5         IDENTIFIER            a
2         6         COLON                    :
2         8         IDENTIFIER            integer
2         15        SEMI_COLON               ;
2         15        T_EOF                    EOF
