1         1         IDENTIFIER            a
1         2         COMMA                    ,
1         4         IDENTIFIER            b
1         5         COMMA                    ,
1         7         IDENTIFIER            c
1         8         COLON                    :
1         10        IDENTIFIER            integer
1         17        SEMI_COLON               ;
2         1         IDENTIFIER            a
2         1         ASSIGNMENT               :=
2         4         NUMBER                   10
2         6         SEMI_COLON               ;
3         1         IDENTIFIER            a
3         1         ADD_EQUAL                +=
3         4         IDENTIFIER            c
3         5         SEMI_COLON               ;
4         1         IDENTIFIER            b
4         2         COLON                    :
4         4         IDENTIFIER            boolean
4         11        SEMI_COLON               ;
4         11        T_EOF                    EOF
