1         1         NUMBER                   123
2         1         NUMBER                   321
2         3         T_EOF                    EOF
