Var   a
   Record
      Var   b
         Type   integer

      Var   c
         Type   double

   End

