Illegal expression: expected 'IDENTIFICATOR' (1, 7)
