Type   TPoint
   Record
      Var   x
         Type   real

      Var   y
         Type   real

   End

Function   F   4
   Var   a
      Type   integer

   Var   b
      Type   integer

   Var   Point
      Record
         Var   x
            Type   real

         Var   y
            Type   real

      End

   Var   Result
      Record
         Var   x
            Type   real

         Var   y
            Type   real

      End

   Procedure   P   2
      Var   a
         Type   integer

      Var   b
         Type   real

      begin
      end

   Var   NewPoint
      Record
         Var   x
            Type   real

         Var   y
            Type   real

      End

   begin
   end

