Illegal expression: expected 'IDENTIFICATOR' (2, 5)
