Type   TPoint
   Record
      Var   x
         Type   real

      Var   y
         Type   real

   End

Procedure   P   3
   Var   a
      Type   integer

   Var   b
      Type   integer

   Var   Point
      Record
         Var   x
            Type   real

         Var   y
            Type   real

      End

   Var   NewPoint
      Record
         Var   x
            Type   real

         Var   y
            Type   real

      End

   begin
   end

