Illegal expression: expected 'IDENTIFICATOR' (1, 8)
